Archive member included to satisfy reference by file (symbol)

/root/nanobyte-os/toolchain/i686-elf/lib/gcc/i686-elf/14.2.0/libgcc.a(_udivdi3.o)
                              /root/nanobyte-os/build/stage2/c/stdio.obj (__udivdi3)
/root/nanobyte-os/toolchain/i686-elf/lib/gcc/i686-elf/14.2.0/libgcc.a(_umoddi3.o)
                              /root/nanobyte-os/build/stage2/c/stdio.obj (__umoddi3)

There are no discarded input sections

Memory Configuration

Name             Origin             Length             Attributes
*default*        0x00000000         0xffffffff

Linker script and memory map

LOAD /root/nanobyte-os/build/stage2/asm/entry.obj
LOAD /root/nanobyte-os/build/stage2/c/main.obj
LOAD /root/nanobyte-os/build/stage2/c/stdio.obj
LOAD /root/nanobyte-os/toolchain/i686-elf/lib/gcc/i686-elf/14.2.0/libgcc.a
                0x00000500                        phys = 0x500
                0x00000500                        . = phys

.entry          0x00000500       0xc1
                0x00000500                        __entry_start = .
 *(.entry)
 .entry         0x00000500       0xc1 /root/nanobyte-os/build/stage2/asm/entry.obj
                0x00000500                entry

.text           0x000005d0      0x8be
                0x000005d0                        __text_start = .
 *(.text)
 .text          0x000005d0       0x24 /root/nanobyte-os/build/stage2/c/main.obj
                0x000005d0                start
 .text          0x000005f4      0x62e /root/nanobyte-os/build/stage2/c/stdio.obj
                0x000005f4                putchr
                0x00000623                putcolor
                0x00000655                putc
                0x00000730                clear_screen
                0x0000077c                puts
                0x000007ab                printf_unsigned
                0x0000084f                printf_signed
                0x00000878                printf
                0x00000b89                print_buffer
 *fill*         0x00000c22        0xe 
 .text          0x00000c30      0x11a /root/nanobyte-os/toolchain/i686-elf/lib/gcc/i686-elf/14.2.0/libgcc.a(_udivdi3.o)
                0x00000c30                __udivdi3
 *fill*         0x00000d4a        0x6 
 .text          0x00000d50      0x13e /root/nanobyte-os/toolchain/i686-elf/lib/gcc/i686-elf/14.2.0/libgcc.a(_umoddi3.o)
                0x00000d50                __umoddi3

.data           0x00000e90        0x4
                0x00000e90                        __data_start = .
 *(.data)
 .data          0x00000e90        0x0 /root/nanobyte-os/build/stage2/c/main.obj
 .data          0x00000e90        0x4 /root/nanobyte-os/build/stage2/c/stdio.obj
                0x00000e90                g_ScreenBuffer
 .data          0x00000e94        0x0 /root/nanobyte-os/toolchain/i686-elf/lib/gcc/i686-elf/14.2.0/libgcc.a(_udivdi3.o)
 .data          0x00000e94        0x0 /root/nanobyte-os/toolchain/i686-elf/lib/gcc/i686-elf/14.2.0/libgcc.a(_umoddi3.o)

.rodata         0x00000e94       0xce
                0x00000e94                        __rodata_start = .
 *(.rodata)
 .rodata        0x00000e94       0x18 /root/nanobyte-os/build/stage2/c/main.obj
 .rodata        0x00000eac       0xb6 /root/nanobyte-os/build/stage2/c/stdio.obj
                0x00000eac                SCREEN_WIDTH
                0x00000eb0                SCREEN_HEIGHT
                0x00000eb4                g_HexChars

.eh_frame       0x00000f64       0xd8
 .eh_frame      0x00000f64       0x64 /root/nanobyte-os/toolchain/i686-elf/lib/gcc/i686-elf/14.2.0/libgcc.a(_udivdi3.o)
 .eh_frame      0x00000fc8       0x74 /root/nanobyte-os/toolchain/i686-elf/lib/gcc/i686-elf/14.2.0/libgcc.a(_umoddi3.o)

.bss            0x0000103c        0x8
                0x0000103c                        __bss_start = .
 *(.bss)
 .bss           0x0000103c        0x0 /root/nanobyte-os/build/stage2/c/main.obj
 .bss           0x0000103c        0x8 /root/nanobyte-os/build/stage2/c/stdio.obj
                0x0000103c                g_ScreenX
                0x00001040                g_ScreenY
 .bss           0x00001044        0x0 /root/nanobyte-os/toolchain/i686-elf/lib/gcc/i686-elf/14.2.0/libgcc.a(_udivdi3.o)
 .bss           0x00001044        0x0 /root/nanobyte-os/toolchain/i686-elf/lib/gcc/i686-elf/14.2.0/libgcc.a(_umoddi3.o)
                0x00001044                        __end = .
OUTPUT(/root/nanobyte-os/build/stage2.bin binary)

.debug_info     0x00000000      0xb5f
 .debug_info    0x00000000       0xce /root/nanobyte-os/build/stage2/c/main.obj
 .debug_info    0x000000ce      0x406 /root/nanobyte-os/build/stage2/c/stdio.obj
 .debug_info    0x000004d4      0x33a /root/nanobyte-os/toolchain/i686-elf/lib/gcc/i686-elf/14.2.0/libgcc.a(_udivdi3.o)
 .debug_info    0x0000080e      0x351 /root/nanobyte-os/toolchain/i686-elf/lib/gcc/i686-elf/14.2.0/libgcc.a(_umoddi3.o)

.debug_abbrev   0x00000000      0x524
 .debug_abbrev  0x00000000       0xa7 /root/nanobyte-os/build/stage2/c/main.obj
 .debug_abbrev  0x000000a7      0x1b1 /root/nanobyte-os/build/stage2/c/stdio.obj
 .debug_abbrev  0x00000258      0x15b /root/nanobyte-os/toolchain/i686-elf/lib/gcc/i686-elf/14.2.0/libgcc.a(_udivdi3.o)
 .debug_abbrev  0x000003b3      0x171 /root/nanobyte-os/toolchain/i686-elf/lib/gcc/i686-elf/14.2.0/libgcc.a(_umoddi3.o)

.debug_aranges  0x00000000       0x80
 .debug_aranges
                0x00000000       0x20 /root/nanobyte-os/build/stage2/c/main.obj
 .debug_aranges
                0x00000020       0x20 /root/nanobyte-os/build/stage2/c/stdio.obj
 .debug_aranges
                0x00000040       0x20 /root/nanobyte-os/toolchain/i686-elf/lib/gcc/i686-elf/14.2.0/libgcc.a(_udivdi3.o)
 .debug_aranges
                0x00000060       0x20 /root/nanobyte-os/toolchain/i686-elf/lib/gcc/i686-elf/14.2.0/libgcc.a(_umoddi3.o)

.debug_line     0x00000000      0x668
 .debug_line    0x00000000       0x58 /root/nanobyte-os/build/stage2/c/main.obj
 .debug_line    0x00000058      0x2b8 /root/nanobyte-os/build/stage2/c/stdio.obj
 .debug_line    0x00000310      0x180 /root/nanobyte-os/toolchain/i686-elf/lib/gcc/i686-elf/14.2.0/libgcc.a(_udivdi3.o)
 .debug_line    0x00000490      0x1d8 /root/nanobyte-os/toolchain/i686-elf/lib/gcc/i686-elf/14.2.0/libgcc.a(_umoddi3.o)

.debug_str      0x00000000      0x70d
 .debug_str     0x00000000      0x101 /root/nanobyte-os/build/stage2/c/main.obj
 .debug_str     0x00000101      0x212 /root/nanobyte-os/build/stage2/c/stdio.obj
 .debug_str     0x00000313      0x1fd /root/nanobyte-os/toolchain/i686-elf/lib/gcc/i686-elf/14.2.0/libgcc.a(_udivdi3.o)
 .debug_str     0x00000510      0x1fd /root/nanobyte-os/toolchain/i686-elf/lib/gcc/i686-elf/14.2.0/libgcc.a(_umoddi3.o)

.debug_line_str
                0x00000000      0x332
 .debug_line_str
                0x00000000       0xbf /root/nanobyte-os/build/stage2/c/main.obj
 .debug_line_str
                0x000000bf       0xc3 /root/nanobyte-os/build/stage2/c/stdio.obj
 .debug_line_str
                0x00000182       0xd8 /root/nanobyte-os/toolchain/i686-elf/lib/gcc/i686-elf/14.2.0/libgcc.a(_udivdi3.o)
 .debug_line_str
                0x0000025a       0xd8 /root/nanobyte-os/toolchain/i686-elf/lib/gcc/i686-elf/14.2.0/libgcc.a(_umoddi3.o)

.comment        0x00000000       0x4c
 .comment       0x00000000       0x13 /root/nanobyte-os/build/stage2/c/main.obj
 .comment       0x00000013       0x13 /root/nanobyte-os/build/stage2/c/stdio.obj
 .comment       0x00000026       0x13 /root/nanobyte-os/toolchain/i686-elf/lib/gcc/i686-elf/14.2.0/libgcc.a(_udivdi3.o)
 .comment       0x00000039       0x13 /root/nanobyte-os/toolchain/i686-elf/lib/gcc/i686-elf/14.2.0/libgcc.a(_umoddi3.o)

.debug_frame    0x00000000      0x164
 .debug_frame   0x00000000       0x2c /root/nanobyte-os/build/stage2/c/main.obj
 .debug_frame   0x0000002c      0x138 /root/nanobyte-os/build/stage2/c/stdio.obj

.debug_loclists
                0x00000000      0x978
 .debug_loclists
                0x00000000      0x50c /root/nanobyte-os/toolchain/i686-elf/lib/gcc/i686-elf/14.2.0/libgcc.a(_udivdi3.o)
 .debug_loclists
                0x0000050c      0x46c /root/nanobyte-os/toolchain/i686-elf/lib/gcc/i686-elf/14.2.0/libgcc.a(_umoddi3.o)

.debug_rnglists
                0x00000000       0x49
 .debug_rnglists
                0x00000000       0x2a /root/nanobyte-os/toolchain/i686-elf/lib/gcc/i686-elf/14.2.0/libgcc.a(_udivdi3.o)
 .debug_rnglists
                0x0000002a       0x1f /root/nanobyte-os/toolchain/i686-elf/lib/gcc/i686-elf/14.2.0/libgcc.a(_umoddi3.o)
